command: node tools/i18n_audit_playwright.js en --page=pokemon_db.html --strict --out=/tmp/astra-i18n.json
❌ i18n監査を完了できません: browserType.launch: Target page, context or browser has been closed
Browser logs:

<launching> /Users/masamichi/Library/Caches/ms-playwright/chromium_headless_shell-1228/chrome-headless-shell-mac-arm64/chrome-headless-shell --disable-field-trial-config --disable-background-networking --disable-background-timer-throttling --disable-backgrounding-occluded-windows --disable-back-forward-cache --disable-breakpad --disable-client-side-phishing-detection --disable-component-extensions-with-background-pages --disable-component-update --no-default-browser-check --disable-default-apps --disable-dev-shm-usage --disable-edgeupdater --disable-extensions --disable-features=AvoidUnnecessaryBeforeUnloadCheckSync,BoundaryEventDispatchTracksNodeRemoval,DestroyProfileOnBrowserClose,DialMediaRouteProvider,GlobalMediaControls,HttpsUpgrades,LensOverlay,MediaRouter,PaintHolding,ThirdPartyStoragePartitioning,Translate,AutoDeElevate,RenderDocument,OptimizationHints,msForceBrowserSignIn,msEdgeUpdateLaunchServicesPreferredVersion --enable-features=CDPScreenshotNewSurface --allow-pre-commit-input --disable-hang-monitor --disable-ipc-flooding-protection --disable-popup-blocking --disable-prompt-on-repost --disable-renderer-backgrounding --force-color-profile=srgb --metrics-recording-only --no-first-run --password-store=basic --use-mock-keychain --no-service-autorun --export-tagged-pdf --disable-search-engine-choice-screen --unsafely-disable-devtools-self-xss-warnings --edge-skip-compat-layer-relaunch --disable-infobars --disable-search-engine-choice-screen --disable-sync --enable-unsafe-swiftshader --headless --hide-scrollbars --mute-audio --blink-settings=primaryHoverType=2,availableHoverTypes=2,primaryPointerType=4,availablePointerTypes=4 --no-sandbox --user-data-dir=/var/folders/32/rfpcdbwx4y16k6ll40fr87bw0000gn/T/playwright_chromiumdev_profile-vLkzR0 --remote-debugging-pipe --no-startup-window
<launched> pid=64378
[pid=64378][err] [0905/212442.110897:ERROR:base/power_monitor/thermal_state_observer_mac.mm:140] ThermalStateObserverMac unable to register to power notifications. Result: 9
[pid=64378][err] [0905/212442.111842:ERROR:net/dns/dns_config_service_posix.cc:138] DNS config watch failed to start.
[pid=64378][err] [0905/212442.112552:WARNING:net/dns/dns_config_service_posix.cc:197] Failed to read DnsConfig.
[pid=64378][err] [0905/212442.112640:FATAL:base/apple/mach_port_rendezvous_mac.cc:159] Check failed: kr == KERN_SUCCESS. bootstrap_check_in org.chromium.Chromium.MachPortRendezvousServer.64378: Permission denied (1100)
Call log:
[2m  - <launching> /Users/masamichi/Library/Caches/ms-playwright/chromium_headless_shell-1228/chrome-headless-shell-mac-arm64/chrome-headless-shell --disable-field-trial-config --disable-background-networking --disable-background-timer-throttling --disable-backgrounding-occluded-windows --disable-back-forward-cache --disable-breakpad --disable-client-side-phishing-detection --disable-component-extensions-with-background-pages --disable-component-update --no-default-browser-check --disable-default-apps --disable-dev-shm-usage --disable-edgeupdater --disable-extensions --disable-features=AvoidUnnecessaryBeforeUnloadCheckSync,BoundaryEventDispatchTracksNodeRemoval,DestroyProfileOnBrowserClose,DialMediaRouteProvider,GlobalMediaControls,HttpsUpgrades,LensOverlay,MediaRouter,PaintHolding,ThirdPartyStoragePartitioning,Translate,AutoDeElevate,RenderDocument,OptimizationHints,msForceBrowserSignIn,msEdgeUpdateLaunchServicesPreferredVersion --enable-features=CDPScreenshotNewSurface --allow-pre-commit-input --disable-hang-monitor --disable-ipc-flooding-protection --disable-popup-blocking --disable-prompt-on-repost --disable-renderer-backgrounding --force-color-profile=srgb --metrics-recording-only --no-first-run --password-store=basic --use-mock-keychain --no-service-autorun --export-tagged-pdf --disable-search-engine-choice-screen --unsafely-disable-devtools-self-xss-warnings --edge-skip-compat-layer-relaunch --disable-infobars --disable-search-engine-choice-screen --disable-sync --enable-unsafe-swiftshader --headless --hide-scrollbars --mute-audio --blink-settings=primaryHoverType=2,availableHoverTypes=2,primaryPointerType=4,availablePointerTypes=4 --no-sandbox --user-data-dir=/var/folders/32/rfpcdbwx4y16k6ll40fr87bw0000gn/T/playwright_chromiumdev_profile-vLkzR0 --remote-debugging-pipe --no-startup-window[22m
[2m  - <launched> pid=64378[22m
[2m  - [pid=64378][err] [0905/212442.110897:ERROR:base/power_monitor/thermal_state_observer_mac.mm:140] ThermalStateObserverMac unable to register to power notifications. Result: 9[22m
[2m  - [pid=64378][err] [0905/212442.111842:ERROR:net/dns/dns_config_service_posix.cc:138] DNS config watch failed to start.[22m
[2m  - [pid=64378][err] [0905/212442.112552:WARNING:net/dns/dns_config_service_posix.cc:197] Failed to read DnsConfig.[22m
[2m  - [pid=64378][err] [0905/212442.112640:FATAL:base/apple/mach_port_rendezvous_mac.cc:159] Check failed: kr == KERN_SUCCESS. bootstrap_check_in org.chromium.Chromium.MachPortRendezvousServer.64378: Permission denied (1100)[22m
[2m  - [pid=64378] <gracefully close start>[22m
[2m  - [pid=64378] <kill>[22m
[2m  - [pid=64378] <will force kill>[22m
[2m  - [pid=64378] exception while trying to kill process: Error: kill EPERM[22m
[2m  - [pid=64378] <process did exit: exitCode=null, signal=SIGTRAP>[22m
[2m  - [pid=64378] starting temporary directories cleanup[22m
[2m  - [pid=64378] finished temporary directories cleanup[22m
[2m  - [pid=64378] <gracefully close end>[22m


exit_code: 1
