command: python3 -m http.server 8000 --bind 127.0.0.1
Traceback (most recent call last):
  File "<frozen runpy>", line 203, in _run_module_as_main
  File "<frozen runpy>", line 88, in _run_code
  File "/Users/masamichi/homebrew/Cellar/python@3.14/3.14.6/Frameworks/Python.framework/Versions/3.14/lib/python3.14/http/server.py", line 1432, in <module>
    test(
    ~~~~^
        HandlerClass=handler_class,
        ^^^^^^^^^^^^^^^^^^^^^^^^^^^
    ...<6 lines>...
        tls_password=tls_key_password,
        ^^^^^^^^^^^^^^^^^^^^^^^^^^^^^^
    )
    ^
  File "/Users/masamichi/homebrew/Cellar/python@3.14/3.14.6/Frameworks/Python.framework/Versions/3.14/lib/python3.14/http/server.py", line 1348, in test
    server = ServerClass(addr, HandlerClass)
  File "/Users/masamichi/homebrew/Cellar/python@3.14/3.14.6/Frameworks/Python.framework/Versions/3.14/lib/python3.14/socketserver.py", line 457, in __init__
    self.server_bind()
    ~~~~~~~~~~~~~~~~^^
  File "/Users/masamichi/homebrew/Cellar/python@3.14/3.14.6/Frameworks/Python.framework/Versions/3.14/lib/python3.14/http/server.py", line 1419, in server_bind
    return super().server_bind()
           ~~~~~~~~~~~~~~~~~~~^^
  File "/Users/masamichi/homebrew/Cellar/python@3.14/3.14.6/Frameworks/Python.framework/Versions/3.14/lib/python3.14/http/server.py", line 148, in server_bind
    socketserver.TCPServer.server_bind(self)
    ~~~~~~~~~~~~~~~~~~~~~~~~~~~~~~~~~~^^^^^^
  File "/Users/masamichi/homebrew/Cellar/python@3.14/3.14.6/Frameworks/Python.framework/Versions/3.14/lib/python3.14/socketserver.py", line 478, in server_bind
    self.socket.bind(self.server_address)
    ~~~~~~~~~~~~~~~~^^^^^^^^^^^^^^^^^^^^^
PermissionError: [Errno 1] Operation not permitted

exit_code: 1
