✅ 0.ページ読込+エンジン
✅ 6.climax color(arity=4) — arity=4
✅ A5a.allow-dupesチェック存在
✅ 0.開戦
✅ 5a.両側手動1ターン — log 1→7
✅ A3a.↩ボタン表示(1ターン後)
✅ A3b.undoで状態が巻き戻る — {"before":{"log":7,"oppHp":185,"selfHp":115},"after":{"log":2,"oppHp":185,"selfHp":175},"L0":1}
✅ A3c.深さ1(undo後ボタン消える)
✅ A3d.undo後もターンが回る — log 2→8
✅ A4.ダメージピン表示 — {"vis":true,"src":true}
✅ 1a.AIトグルUI
✅ 1b.相手AI1クリックターン — log 8→14
✅ H3.resyncでstale switchChoice破棄
✅ 1c.両方AIオート — log 14→21
✅ L5.観戦中インジケータ — 🤖 Auto Battle
✅ 1f.手動復帰
✅ 2.ついか+pp初期化 — {"len":3,"ppOk":true}
✅ 3a.♻ふっかつ(控え)
✅ 3b.復活状態
✅ L2.閲覧側列にも♻
✅ A1a.⚙→交代画面+中央エディタ — true
✅ A1b.丸アイコン→交代画面 — true
✅ 4-1a.全滅1回目→選択表示
✅ 4-1b.復活選択画面
✅ 4-1c.継続
✅ 4-2a.全滅2回目→選択表示
✅ 4-2b.復活選択画面
✅ 4-2c.継続
✅ M4.場のひんし行♻実装 — (構造はH4/4系で機能検証済み)
✅ H1.退出後に裏進行しない — exited=true log 29→29
✅ 5b.EN切替(新規キー) — {"undo":"↩ Undo Turn","dupes":"\n        \n        Allow duplicate Pokémon\n      "}
✅ JSエラー0

==== SUMMARY: 32/32 pass ====
