
=== T1: メガルカリオZ (ルカリオナイトZ) ===
  ✅ T1a メガシンカ成功
  ✅ T1b フォームがメガルカリオZ(非Zでない)
  ✅ T1c 特性がはどうのぼうご
  ✅ T1d 種族値 70/100/70/164/70/151
  ✅ T1e 1バトル1回(2回目失敗)

=== T2: はどうのぼうご(接触技ダメージ半減) ===
  ✅ T2 準備: opp=メガルカリオZ・はどうのぼうご
  ✅ T2 準備: クロスチョップは接触技
  ✅ T2a 接触技はダメージ半減(はどうのぼうご有 ≈ 無×0.5)
  ✅ T2b chipsに はどうのぼうご ×0.5 が記録される
  ✅ T2 準備: 10まんボルトは非接触技
  ✅ T2c 非接触技は半減されない(chipsにはどうのぼうご無し)

=== T3: メガガブリアスZ (ガブリアスナイトZ)・ふゆうでじめん無効 ===
  ✅ T3a メガシンカ成功・メガガブリアスZ
  ✅ T3b 特性ふゆう
  ✅ T3c ふゆうでじめん技が無効(koType=immune)

=== T4: メガアブソルZ (アブソルナイトZ)・きれあじ ===
  ✅ T4a メガシンカ成功・メガアブソルZ
  ✅ T4b 特性きれあじ

=== T5: 汎用メガストーンは従来どおり非Zメガ(退行なし) ===
  ✅ T5 汎用ストーンは非Zの「メガルカリオ」になる(Zにならない)

=== T6: ねつこうかん(セグレイブ)・ほのお技でこうげき+1・やけど無効 ===
  ✅ T6a ほのお技を受けてこうげき+1
  ✅ T6b やけど状態にならない(免疫)

合計: 19 pass / 0 fail
